[www.amazon.fr/ap/signinaa63.html]
[backblue.gif]
[fade.gif]
[index.html]
[images-eu.ssl-images-amazon.com/images/I/61zcRmYWpgL._RC_11Fd9tJOdtL.css,11tfezETfFL.css,31Q3id-QR0L.css,31U9HrBLKmL.css_b1fc.css]
[images-eu.ssl-images-amazon.com/images/I/01SdjaY0ZsL._RC_31jdWD+JB+L.css,41HbnNS3IWL.css_7e0c.css]
[images-eu.ssl-images-amazon.com/images/I/11niB2yr5DLc8b6.css]
[images-eu.ssl-images-amazon.com/images/I/01wGDSlxwdLf98e.js]
[images-eu.ssl-images-amazon.com/images/I/41TAiLbvyRLc8b6.js]
[images-eu.ssl-images-amazon.com/images/I/818jIy8T6BLf1d7.js]
[images-eu.ssl-images-amazon.com/images/I/31jdfgcsPAL5973.js]
[images-eu.ssl-images-amazon.com/images/I/819PzLyzJVLac85.js]
[images-eu.ssl-images-amazon.com/images/I/7195RJQQs1La250.js]
[www.amazon.fr/ap/forgotpassword92ad.html]
[www.amazon.fr/ap/register92ad.html]
[images-eu.ssl-images-amazon.com/images/I/31YXrY93hfL.js]
[m.media-amazon.com/images/G/01/csm/showads.v2e564.js]
[www.amazon.fr/ap/signinaa63.html]
[m.media-amazon.com/images/S/sash/mPGmT0r6IeTyIee.png]
[m.media-amazon.com/images/S/sash/tRfJHOgYB6QY-yf.gif]
[images-eu.ssl-images-amazon.com/images/I/61zcRmYWpgL._RC_11Fd9tJOdtL.css,11tfezETfFL.css,31Q3id-QR0L.css,31U9HrBLKmL.css_b1fc.css]
[images-eu.ssl-images-amazon.com/images/I/01SdjaY0ZsL._RC_31jdWD+JB+L.css,41HbnNS3IWL.css_7e0c.css]
[m.media-amazon.com/images/S/sash/Pq46CmXZMTyTAdQ.png]
[images-eu.ssl-images-amazon.com/images/I/11niB2yr5DLc8b6.css]
[images-eu.ssl-images-amazon.com/images/I/01wGDSlxwdLf98e.js]
[images-eu.ssl-images-amazon.com/images/I/41TAiLbvyRLc8b6.js]
[images-eu.ssl-images-amazon.com/images/I/818jIy8T6BLf1d7.js]
[images-eu.ssl-images-amazon.com/images/I/31jdfgcsPAL5973.js]
[images-eu.ssl-images-amazon.com/images/I/819PzLyzJVLac85.js]
[images-eu.ssl-images-amazon.com/images/I/7195RJQQs1La250.js]
[www.amazon.fr/ap/POST.html]
[www.amazon.fr/ap/forgotpassword92ad.html]
[m.media-amazon.com/images/G/01/csm/cxguardrails_config_prod._TTH_.js]
[www.amazon.fr/ap/register92ad.html]
[images-eu.ssl-images-amazon.com/images/I/31YXrY93hfL.js]
[m.media-amazon.com/images/G/01/csm/showads.v2e564.js]
[www.amazon.fr/ap/GET.html]
[www.amazon.fr/ap/node_modules/css-loader/dist/runtime/api.html]
[www.amazon.fr/ap/node_modules/build-url-ts/dist/build-url.html]
[www.amazon.fr/ap/src/css/iframe.html]
[www.amazon.fr/ap/node_modules/style-loader/dist/runtime/injectStylesIntoStyleTag.html]
[m.media-amazon.com/images/G/01/csm/cxguardrails_config_prod._TTH_.js]
[www.amazon.fr/ap/signin3bde.html]
[www.amazon.fr/ap/forgotpassword3ec9.html]
[www.amazon.fr/ap/signin3bde.html]
[www.amazon.fr/ap/forgotpassword3ec9.html]
[www.amazon.fr/ap/register3ec9.html]
[www.amazon.fr/ap/register3ec9.html]
[www.amazon.fr/ap/signin4b96.html]
[www.amazon.fr/ap/forgotpassword315b.html]
[www.amazon.fr/ap/signin4b96.html]
[www.amazon.fr/ap/forgotpassword315b.html]
[www.amazon.fr/ap/register315b.html]
[www.amazon.fr/ap/register315b.html]
[www.amazon.fr/ap/signin7744.html]
[www.amazon.fr/ap/forgotpassword6b48.html]
[www.amazon.fr/ap/signin7744.html]
[www.amazon.fr/ap/forgotpassword6b48.html]
[www.amazon.fr/ap/register6b48.html]
[www.amazon.fr/ap/register6b48.html]
[www.amazon.fr/ap/signin0f86.html]
[www.amazon.fr/ap/forgotpasswordfeee.html]
[www.amazon.fr/ap/signin0f86.html]
[www.amazon.fr/ap/forgotpasswordfeee.html]
[www.amazon.fr/ap/registerfeee.html]
[www.amazon.fr/ap/registerfeee.html]
[www.amazon.fr/ap/signin95c9.html]
[www.amazon.fr/ap/forgotpassword4921.html]
[www.amazon.fr/ap/signin95c9.html]
[www.amazon.fr/ap/forgotpassword4921.html]
[www.amazon.fr/ap/register4921.html]
[www.amazon.fr/ap/register4921.html]
[www.amazon.fr/ap/signincfcf.html]
[www.amazon.fr/ap/forgotpassword8fb9.html]
[www.amazon.fr/ap/signincfcf.html]
[www.amazon.fr/ap/forgotpassword8fb9.html]
[www.amazon.fr/ap/register8fb9.html]
[www.amazon.fr/ap/register8fb9.html]
[www.amazon.fr/ap/signin69f4.html]
[www.amazon.fr/ap/forgotpassworda695.html]
[www.amazon.fr/ap/signin69f4.html]
[www.amazon.fr/ap/forgotpassworda695.html]
[www.amazon.fr/ap/registera695.html]
[www.amazon.fr/ap/registera695.html]
[www.amazon.fr/ap/signinfe9c.html]
[www.amazon.fr/ap/forgotpassword89fa.html]
[www.amazon.fr/ap/signinfe9c.html]
[www.amazon.fr/ap/forgotpassword89fa.html]
[www.amazon.fr/ap/register89fa.html]
[www.amazon.fr/ap/register89fa.html]
[www.amazon.fr/ap/signin4be1.html]
[www.amazon.fr/ap/forgotpassword56f6.html]
[www.amazon.fr/ap/signin4be1.html]
[www.amazon.fr/ap/forgotpassword56f6.html]
[www.amazon.fr/ap/register56f6.html]
[www.amazon.fr/ap/register56f6.html]
[www.amazon.fr/ap/signind5d4.html]
[www.amazon.fr/ap/forgotpasswordc2fb.html]
[www.amazon.fr/ap/signind5d4.html]
[www.amazon.fr/ap/forgotpasswordc2fb.html]
[www.amazon.fr/ap/registerc2fb.html]
[www.amazon.fr/ap/registerc2fb.html]
[www.amazon.fr/ap/signin1c72.html]
[www.amazon.fr/ap/forgotpassword3840.html]
[www.amazon.fr/ap/signin1c72.html]
[www.amazon.fr/ap/forgotpassword3840.html]
[www.amazon.fr/ap/register3840.html]
[www.amazon.fr/ap/register3840.html]
[www.amazon.fr/ap/signin6bba.html]
[www.amazon.fr/ap/forgotpassword1edf.html]
[www.amazon.fr/ap/signin6bba.html]
[www.amazon.fr/ap/forgotpassword1edf.html]
[www.amazon.fr/ap/register1edf.html]
[www.amazon.fr/ap/register1edf.html]
[www.amazon.fr/ap/signin8771.html]
[www.amazon.fr/ap/forgotpassword7ab8.html]
[www.amazon.fr/ap/signin8771.html]
[www.amazon.fr/ap/forgotpassword7ab8.html]
[www.amazon.fr/ap/register7ab8.html]
[www.amazon.fr/ap/register7ab8.html]
[www.amazon.fr/ap/signin795b.html]
[www.amazon.fr/ap/forgotpasswordaf25.html]
[www.amazon.fr/ap/signin795b.html]
[www.amazon.fr/ap/forgotpasswordaf25.html]
[www.amazon.fr/ap/registeraf25.html]
[www.amazon.fr/ap/registeraf25.html]
[www.amazon.fr/ap/signin1344.html]
[www.amazon.fr/ap/forgotpassword2a04.html]
[www.amazon.fr/ap/signin1344.html]
[www.amazon.fr/ap/forgotpassword2a04.html]
[www.amazon.fr/ap/register2a04.html]
[www.amazon.fr/ap/register2a04.html]
[www.amazon.fr/ap/signinccb1.html]
[www.amazon.fr/ap/forgotpassword32b0.html]
[www.amazon.fr/ap/signinccb1.html]
[www.amazon.fr/ap/forgotpassword32b0.html]
[www.amazon.fr/ap/register32b0.html]
[www.amazon.fr/ap/register32b0.html]
[www.amazon.fr/ap/signinfc7a.html]
[www.amazon.fr/ap/forgotpassword3261.html]
[www.amazon.fr/ap/signinfc7a.html]
[www.amazon.fr/ap/forgotpassword3261.html]
[www.amazon.fr/ap/register3261.html]
[www.amazon.fr/ap/register3261.html]
[www.amazon.fr/ap/signine212.html]
[www.amazon.fr/ap/forgotpassword881d.html]
[www.amazon.fr/ap/signine212.html]
[www.amazon.fr/ap/forgotpassword881d.html]
[www.amazon.fr/ap/register881d.html]
[www.amazon.fr/ap/register881d.html]
[www.amazon.fr/ap/signin73cb.html]
[www.amazon.fr/ap/forgotpassworda8ba.html]
[www.amazon.fr/ap/signin73cb.html]
[www.amazon.fr/ap/forgotpassworda8ba.html]
[www.amazon.fr/ap/registera8ba.html]
[www.amazon.fr/ap/registera8ba.html]
[www.amazon.fr/ap/signin0a3a.html]
[www.amazon.fr/ap/forgotpassworde1ff.html]
[www.amazon.fr/ap/signin0a3a.html]
[www.amazon.fr/ap/forgotpassworde1ff.html]
[www.amazon.fr/ap/registere1ff.html]
[www.amazon.fr/ap/registere1ff.html]
[www.amazon.fr/ap/signin1021.html]
[www.amazon.fr/ap/forgotpasswordf543.html]
[www.amazon.fr/ap/signin1021.html]
[www.amazon.fr/ap/forgotpasswordf543.html]
[www.amazon.fr/ap/registerf543.html]
[www.amazon.fr/ap/registerf543.html]
[www.amazon.fr/ap/signin8f24.html]
[www.amazon.fr/ap/forgotpassworddd90.html]
[www.amazon.fr/ap/signin8f24.html]
[www.amazon.fr/ap/forgotpassworddd90.html]
[www.amazon.fr/ap/registerdd90.html]
[www.amazon.fr/ap/registerdd90.html]
[www.amazon.fr/ap/signin89c5.html]
[www.amazon.fr/ap/forgotpasswordee96.html]
[www.amazon.fr/ap/signin89c5.html]
[www.amazon.fr/ap/forgotpasswordee96.html]
[www.amazon.fr/ap/registeree96.html]
[www.amazon.fr/ap/registeree96.html]
[www.amazon.fr/ap/signin200e.html]
[www.amazon.fr/ap/forgotpasswordffc3.html]
[www.amazon.fr/ap/signin200e.html]
[www.amazon.fr/ap/forgotpasswordffc3.html]
[www.amazon.fr/ap/registerffc3.html]
[www.amazon.fr/ap/registerffc3.html]
[www.amazon.fr/ap/signincc1d.html]
[www.amazon.fr/ap/forgotpassword273d.html]
[www.amazon.fr/ap/signincc1d.html]
[www.amazon.fr/ap/forgotpassword273d.html]
[www.amazon.fr/ap/register273d.html]
[www.amazon.fr/ap/register273d.html]
[www.amazon.fr/ap/signinf80c.html]
[www.amazon.fr/ap/forgotpassword8492.html]
[www.amazon.fr/ap/signinf80c.html]
[www.amazon.fr/ap/forgotpassword8492.html]
[www.amazon.fr/ap/register8492.html]
[www.amazon.fr/ap/register8492.html]
[www.amazon.fr/ap/signincba8.html]
[www.amazon.fr/ap/forgotpassword2a1a.html]
[www.amazon.fr/ap/signincba8.html]
[www.amazon.fr/ap/forgotpassword2a1a.html]
[www.amazon.fr/ap/register2a1a.html]
[www.amazon.fr/ap/register2a1a.html]
[www.amazon.fr/ap/signined6e.html]
[www.amazon.fr/ap/forgotpassword7a1c.html]
[www.amazon.fr/ap/signined6e.html]
[www.amazon.fr/ap/forgotpassword7a1c.html]
[www.amazon.fr/ap/register7a1c.html]
[www.amazon.fr/ap/register7a1c.html]
[www.amazon.fr/ap/signin2e0e.html]
[www.amazon.fr/ap/forgotpassword0822.html]
[www.amazon.fr/ap/signin2e0e.html]
[www.amazon.fr/ap/forgotpassword0822.html]
[www.amazon.fr/ap/register0822.html]
[www.amazon.fr/ap/register0822.html]
[www.amazon.fr/ap/signin0779.html]
[www.amazon.fr/ap/forgotpasswordd705.html]
[www.amazon.fr/ap/signin0779.html]
[www.amazon.fr/ap/forgotpasswordd705.html]
[www.amazon.fr/ap/registerd705.html]
[www.amazon.fr/ap/registerd705.html]
[www.amazon.fr/ap/signin5d2a.html]
[www.amazon.fr/ap/forgotpassword4dee.html]
[www.amazon.fr/ap/signin5d2a.html]
[www.amazon.fr/ap/forgotpassword4dee.html]
[www.amazon.fr/ap/register4dee.html]
[www.amazon.fr/ap/register4dee.html]
[www.amazon.fr/ap/signin27a1.html]
[www.amazon.fr/ap/forgotpasswordc831.html]
[www.amazon.fr/ap/signin27a1.html]
[www.amazon.fr/ap/forgotpasswordc831.html]
[www.amazon.fr/ap/registerc831.html]
[www.amazon.fr/ap/registerc831.html]
[www.amazon.fr/ap/signina422.html]
[www.amazon.fr/ap/forgotpassworddef1.html]
[www.amazon.fr/ap/signina422.html]
[www.amazon.fr/ap/forgotpassworddef1.html]
[www.amazon.fr/ap/registerdef1.html]
[www.amazon.fr/ap/registerdef1.html]
[www.amazon.fr/ap/signinb1b0.html]
[www.amazon.fr/ap/forgotpassword1d0e.html]
[www.amazon.fr/ap/signinb1b0.html]
[www.amazon.fr/ap/forgotpassword1d0e.html]
[www.amazon.fr/ap/register1d0e.html]
[www.amazon.fr/ap/register1d0e.html]
[www.amazon.fr/ap/signin235f.html]
[www.amazon.fr/ap/forgotpassword0fcb.html]
[www.amazon.fr/ap/signin235f.html]
[www.amazon.fr/ap/forgotpassword0fcb.html]
[www.amazon.fr/ap/register0fcb.html]
[www.amazon.fr/ap/register0fcb.html]
[www.amazon.fr/ap/signinc68d.html]
[www.amazon.fr/ap/forgotpassword8437.html]
[www.amazon.fr/ap/signinc68d.html]
[www.amazon.fr/ap/forgotpassword8437.html]
[www.amazon.fr/ap/register8437.html]
[www.amazon.fr/ap/register8437.html]
[www.amazon.fr/ap/signine50b.html]
[www.amazon.fr/ap/forgotpassword5307.html]
[www.amazon.fr/ap/signine50b.html]
[www.amazon.fr/ap/forgotpassword5307.html]
[www.amazon.fr/ap/register5307.html]
[www.amazon.fr/ap/register5307.html]
[www.amazon.fr/ap/signin2bfc.html]
[www.amazon.fr/ap/forgotpassword8093.html]
[www.amazon.fr/ap/signin2bfc.html]
[www.amazon.fr/ap/forgotpassword8093.html]
[www.amazon.fr/ap/register8093.html]
[www.amazon.fr/ap/register8093.html]
[www.amazon.fr/ap/signin5c61.html]
[www.amazon.fr/ap/forgotpassworddf27.html]
[www.amazon.fr/ap/signin5c61.html]
[www.amazon.fr/ap/forgotpassworddf27.html]
[www.amazon.fr/ap/registerdf27.html]
[www.amazon.fr/ap/registerdf27.html]
[www.amazon.fr/ap/signin8f13.html]
[www.amazon.fr/ap/forgotpasswordc7b3.html]
[www.amazon.fr/ap/signin8f13.html]
[www.amazon.fr/ap/forgotpasswordc7b3.html]
[www.amazon.fr/ap/registerc7b3.html]
[www.amazon.fr/ap/registerc7b3.html]
[www.amazon.fr/ap/signin42b7.html]
[www.amazon.fr/ap/forgotpassworde4cb.html]
[www.amazon.fr/ap/signin42b7.html]
[www.amazon.fr/ap/forgotpassworde4cb.html]
[www.amazon.fr/ap/registere4cb.html]
[www.amazon.fr/ap/registere4cb.html]
[www.amazon.fr/ap/signinad43.html]
[www.amazon.fr/ap/forgotpasswordc84d.html]
[www.amazon.fr/ap/signinad43.html]
[www.amazon.fr/ap/forgotpasswordc84d.html]
[www.amazon.fr/ap/registerc84d.html]
[www.amazon.fr/ap/registerc84d.html]
[www.amazon.fr/ap/signin06b2.html]
[www.amazon.fr/ap/forgotpassword75b1.html]
[www.amazon.fr/ap/signin06b2.html]
[www.amazon.fr/ap/forgotpassword75b1.html]
[www.amazon.fr/ap/register75b1.html]
[www.amazon.fr/ap/register75b1.html]
[www.amazon.fr/ap/signinf680.html]
[www.amazon.fr/ap/forgotpassword43d3.html]
[www.amazon.fr/ap/signinf680.html]
[www.amazon.fr/ap/forgotpassword43d3.html]
[www.amazon.fr/ap/register43d3.html]
[www.amazon.fr/ap/register43d3.html]
[www.amazon.fr/ap/signin5ac0.html]
[www.amazon.fr/ap/forgotpassword00ca.html]
[www.amazon.fr/ap/signin5ac0.html]
[www.amazon.fr/ap/forgotpassword00ca.html]
[www.amazon.fr/ap/register00ca.html]
[www.amazon.fr/ap/register00ca.html]
[www.amazon.fr/ap/signinb903.html]
[www.amazon.fr/ap/forgotpassword5746.html]
[www.amazon.fr/ap/signinb903.html]
[www.amazon.fr/ap/forgotpassword5746.html]
[www.amazon.fr/ap/register5746.html]
[www.amazon.fr/ap/register5746.html]
[www.amazon.fr/ap/signin188f.html]
[www.amazon.fr/ap/forgotpassword19a4.html]
[www.amazon.fr/ap/signin188f.html]
[www.amazon.fr/ap/forgotpassword19a4.html]
[www.amazon.fr/ap/register19a4.html]
[www.amazon.fr/ap/register19a4.html]
[www.amazon.fr/ap/signin5924.html]
[www.amazon.fr/ap/forgotpassworda136.html]
[www.amazon.fr/ap/signin5924.html]
[www.amazon.fr/ap/forgotpassworda136.html]
[www.amazon.fr/ap/registera136.html]
[www.amazon.fr/ap/registera136.html]
[www.amazon.fr/ap/signince9b.html]
[www.amazon.fr/ap/forgotpasswordc652.html]
[www.amazon.fr/ap/signince9b.html]
[www.amazon.fr/ap/forgotpasswordc652.html]
[www.amazon.fr/ap/registerc652.html]
[www.amazon.fr/ap/registerc652.html]
[www.amazon.fr/ap/signinbefa.html]
[www.amazon.fr/ap/forgotpassworde8b0.html]
[www.amazon.fr/ap/signinbefa.html]
[www.amazon.fr/ap/forgotpassworde8b0.html]
[www.amazon.fr/ap/registere8b0.html]
[www.amazon.fr/ap/registere8b0.html]
[www.amazon.fr/ap/signin1930.html]
[www.amazon.fr/ap/forgotpassworddb7b.html]
[www.amazon.fr/ap/signin1930.html]
[www.amazon.fr/ap/forgotpassworddb7b.html]
[www.amazon.fr/ap/registerdb7b.html]
[www.amazon.fr/ap/registerdb7b.html]
[www.amazon.fr/ap/signina589.html]
[www.amazon.fr/ap/forgotpassworde9a3.html]
[www.amazon.fr/ap/signina589.html]
[www.amazon.fr/ap/forgotpassworde9a3.html]
[www.amazon.fr/ap/registere9a3.html]
[www.amazon.fr/ap/registere9a3.html]
[www.amazon.fr/ap/signin9f3f.html]
[www.amazon.fr/ap/forgotpassworda02b.html]
[www.amazon.fr/ap/signin9f3f.html]
[www.amazon.fr/ap/forgotpassworda02b.html]
[www.amazon.fr/ap/registera02b.html]
[www.amazon.fr/ap/registera02b.html]
[www.amazon.fr/ap/signind0ea.html]
[www.amazon.fr/ap/forgotpasswordd312.html]
[www.amazon.fr/ap/signind0ea.html]
[www.amazon.fr/ap/forgotpasswordd312.html]
[www.amazon.fr/ap/registerd312.html]
[www.amazon.fr/ap/registerd312.html]
[www.amazon.fr/ap/signin1597.html]
[www.amazon.fr/ap/forgotpassword9fbb.html]
[www.amazon.fr/ap/signin1597.html]
[www.amazon.fr/ap/forgotpassword9fbb.html]
[www.amazon.fr/ap/register9fbb.html]
[www.amazon.fr/ap/register9fbb.html]
[www.amazon.fr/ap/signin32d8.html]
[www.amazon.fr/ap/forgotpassword2a9a.html]
[www.amazon.fr/ap/signin32d8.html]
[www.amazon.fr/ap/forgotpassword2a9a.html]
[www.amazon.fr/ap/register2a9a.html]
[www.amazon.fr/ap/register2a9a.html]
[www.amazon.fr/ap/signinb2a3.html]
[www.amazon.fr/ap/forgotpassword6168.html]
[www.amazon.fr/ap/signinb2a3.html]
[www.amazon.fr/ap/forgotpassword6168.html]
[www.amazon.fr/ap/register6168.html]
[www.amazon.fr/ap/register6168.html]
[www.amazon.fr/ap/signin716f.html]
[www.amazon.fr/ap/forgotpasswordf065.html]
[www.amazon.fr/ap/signin716f.html]
[www.amazon.fr/ap/forgotpasswordf065.html]
[www.amazon.fr/ap/registerf065.html]
[www.amazon.fr/ap/registerf065.html]
[www.amazon.fr/ap/signin1348.html]
[www.amazon.fr/ap/forgotpasswordf675.html]
[www.amazon.fr/ap/signin1348.html]
[www.amazon.fr/ap/forgotpasswordf675.html]
[www.amazon.fr/ap/registerf675.html]
[www.amazon.fr/ap/registerf675.html]
[www.amazon.fr/ap/signind0c0.html]
[www.amazon.fr/ap/forgotpassword6aab.html]
[www.amazon.fr/ap/signind0c0.html]
[www.amazon.fr/ap/forgotpassword6aab.html]
[www.amazon.fr/ap/register6aab.html]
[www.amazon.fr/ap/register6aab.html]
[www.amazon.fr/ap/signin4cff.html]
[www.amazon.fr/ap/forgotpassword0ce5.html]
[www.amazon.fr/ap/register0ce5.html]
[www.amazon.fr/ap/signin4cff.html]
[www.amazon.fr/ap/forgotpassword0ce5.html]
[images-na.ssl-images-amazon.com/images/G/01/AUIClients/AmazonUI-3c913031596ca78a3768f4e934b1cc02ce238101.secure.min._V1_.css]
[images-na.ssl-images-amazon.com/captcha/qujzzelu/Captcha_qidpryojep.jpg]
[www.amazon.fr/ap/register0ce5.html]
[images-na.ssl-images-amazon.com/images/G/01/amazonui/sprites/aui_sprite_0007-1x._V383827579_.png]
[images-na.ssl-images-amazon.com/images/G/01/AUIClients/AmazonUI-3c913031596ca78a3768f4e934b1cc02ce238101.secure.min._V1_.css]
[images-na.ssl-images-amazon.com/images/G/01/amazonui/loading/loading-4x._V1_.gif]
